---
source: query-compiler/query-compiler/tests/queries.rs
assertion_line: 56
expression: pretty
input_file: query-compiler/query-compiler/tests/data/aggregate-join.json
snapshot_kind: text
---
dataMap
   email: String [email]
query «SELECT "t0"."id", "t0"."email", JSONB_BUILD_OBJECT('activations',
       COALESCE("t1"."_aggr_count_activations", 0)) AS "_count" FROM
       "public"."User" AS "t0" LEFT JOIN LATERAL (SELECT COUNT(*) AS
       "_aggr_count_activations" FROM "public"."Activation" AS "t2" WHERE
       "t0"."id" = "t2"."userId") AS "t1" ON true»
params []
