---
source: query-compiler/query-compiler/tests/queries.rs
assertion_line: 58
expression: pretty
input_file: query-compiler/query-compiler/tests/data/create-many-and-return.json
snapshot_kind: text
---
transaction
   dataMap
      id: Int [id]
      email: String [email]
   concat (query «INSERT INTO "public"."User" ("email") VALUES ($1), ($2)
                  RETURNING "public"."User"."id", "public"."User"."email"»
           params [const(String("user.1737556028164@prisma.io")),
                   const(String("user.1737556028165@prisma.io"))])
