---
source: query-compiler/query-compiler/tests/queries.rs
expression: pretty
input_file: query-compiler/query-compiler/tests/data/query-many-m2m.json
---
dataMap {
    id: Int (id)
    title: String (title)
    userId: Int (userId)
    categories (from @nested$categories): {
        id: Int (id)
        name: String (name)
    }
}
let @parent = query «SELECT "public"."Post"."id", "public"."Post"."title",
                     "public"."Post"."userId" FROM "public"."Post" WHERE 1=1
                     OFFSET $1»
              params [const(BigInt(0))]
in let @parent$id = mapField id (get @parent)
   in join (get @parent)
      with (query «SELECT "public"."Category"."id", "public"."Category"."name",
                   "t0"."B" AS "CategoryToPost@Post" FROM "public"."Category"
                   INNER JOIN "public"."_CategoryToPost" AS "t0" ON "t0"."A" =
                   "public"."Category"."id" WHERE (1=1 AND "t0"."B" IN [$1,*])
                   OFFSET $2»
            params [var(@parent$id as Int),
                    const(BigInt(0))]) on left.(id) = right.(CategoryToPost@Post) as @nested$categories
