---
source: query-compiler/query-compiler/tests/queries.rs
expression: pretty
input_file: query-compiler/query-compiler/tests/data/query-m2o.json
---
dataMap {
    issued: DateTime (issued)
    secret: String (secret)
    done: Boolean (done)
    user (from @nested$user): {
        id: Int (id)
        email: String (email)
    }
}
let @parent = query «SELECT "public"."Activation"."id",
                     "public"."Activation"."issued",
                     "public"."Activation"."secret",
                     "public"."Activation"."done",
                     "public"."Activation"."userId" FROM "public"."Activation"
                     WHERE 1=1 OFFSET $1»
              params [const(BigInt(0))]
in let @parent$userId = mapField userId (get @parent)
   in join (get @parent)
      with (query «SELECT "public"."User"."id", "public"."User"."email" FROM
                   "public"."User" WHERE "public"."User"."id" IN [$1,*] OFFSET
                   $2»
            params [var(@parent$userId as Int),
                    const(BigInt(0))]) on unique left.(userId) = right.(id) as @nested$user
