---
source: query-compiler/query-compiler/tests/queries.rs
assertion_line: 49
expression: pretty
input_file: query-compiler/query-compiler/tests/data/delete-one.json
snapshot_kind: text
---
dataMap
   id: Int [id]
   title: String [title]
   userId: Int [userId]
unique (query «DELETE FROM "public"."Post" WHERE ("public"."Post"."id" = $1 AND
               1=1) RETURNING "public"."Post"."id", "public"."Post"."title",
               "public"."Post"."userId"»
        params [const(BigInt(1))])
