---
source: query-compiler/query-compiler/tests/queries.rs
expression: pretty
input_file: query-compiler/query-compiler/tests/data/nested-upsert-nested-only.json
snapshot_kind: text
---
transaction
   dataMap {
       id: Int (id)
       email: String (email)
       role: Enum<Role> (role)
       posts (from @nested$posts): {
           id: Int (id)
           title: String (title)
           userId: Int (userId)
           categories (from @nested$categories): {
               id: Int (id)
               name: String (name)
           }
       }
   }
   enums {
       Role: {
           admin: ADMIN
           user: USER
       }
   }
   let 0 = unique (query «SELECT "public"."User"."id" FROM "public"."User" WHERE
                          "public"."User"."email" = $1 LIMIT $2 OFFSET $3»
                   params [const(String("user.1737556028164@prisma.io")),
                           const(BigInt(1)), const(BigInt(0))])
   in let 0$id = mapField id (get 0)
      in let 1 = query «SELECT "public"."Post"."id", "public"."Post"."userId"
                        FROM "public"."Post" WHERE ("public"."Post"."id" = $1
                        AND "public"."Post"."userId" IN [$2,*]) OFFSET $3»
                 params [const(BigInt(11)), var(0$id as Int), const(BigInt(0))]
         in let 2 = if (rowCountNeq 0 (get 1))
                then validate (get 1)
                     [ rowCountNeq 0
                     ] orRaise "MISSING_RELATED_RECORD"
                else let 0 = unique (validate (get 0)
                         [ rowCountNeq 0
                         ] orRaise "MISSING_RELATED_RECORD");
                         0$id = mapField id (get 0)
                     in unique (query «INSERT INTO "public"."Post"
                                       ("title","userId") VALUES ($1,$2)
                                       RETURNING "public"."Post"."id"»
                                params [const(String("Nested upsert created post")),
                                        var(0$id as Int)])
            in let 5 = query «SELECT "public"."Category"."id" FROM
                              "public"."Category" WHERE "public"."Category"."id"
                              = $1 OFFSET $2»
                       params [const(BigInt(10)), const(BigInt(0))]
               in let 2 = unique (validate (get 2)
                      [ rowCountNeq 0
                      ] orRaise "MISSING_RELATED_RECORD");
                      2$id = mapField id (get 2);
                      5 = validate (get 5)
                      [ rowCountEq 1
                      ] orRaise "INCOMPLETE_CONNECT_INPUT";
                      5$id = mapField id (get 5)
                  in execute «INSERT INTO "public"."_CategoryToPost" ("B","A")
                              VALUES [($1),*],* ON CONFLICT DO NOTHING»
                     params [product(var(2$id as Int[]), var(5$id as Int[]))];
      let 0 = unique (validate (get 0)
          [ rowCountNeq 0
          ] orRaise "MISSING_RECORD");
          0$id = mapField id (get 0)
      in rawNestedReadUnique (query «SELECT "public"."User"."id",
                                     "public"."User"."email",
                                     "public"."User"."role"::text FROM
                                     "public"."User" WHERE "public"."User"."id"
                                     = $1 LIMIT $2 OFFSET $3»
                              params [var(0$id as Int), const(BigInt(1)),
                                      const(BigInt(0))]
                              fields {
                                  id: 0
                                  email: 1
                                  role: 2
                              }
                              relations [posts on left.0 = right.2 many (query
                                                                         «SELECT
                                                                          "public"."Post"."id",
                                                                          "public"."Post"."title",
                                                                          "public"."Post"."userId"
                                                                          FROM
                                                                          "public"."Post"
                                                                          WHERE
                                                                          "public"."Post"."userId"
                                                                          = $1
                                                                          OFFSET
                                                                          $2»
                                                                         params [var(@parent$id as Int),
                                                                                 const(BigInt(0))]
                                                                         fields {
                                                                             id: 0
                                                                             title: 1
                                                                             userId: 2
                                                                         }
                                                                         relations [categories on left.0 = right.2 many (query
                                                                                                                         «SELECT
                                                                                                                          "public"."Category"."id",
                                                                                                                          "public"."Category"."name",
                                                                                                                          "t0"."B"
                                                                                                                          AS
                                                                                                                          "CategoryToPost@Post"
                                                                                                                          FROM
                                                                                                                          "public"."Category"
                                                                                                                          INNER
                                                                                                                          JOIN
                                                                                                                          "public"."_CategoryToPost"
                                                                                                                          AS
                                                                                                                          "t0"
                                                                                                                          ON
                                                                                                                          "t0"."A"
                                                                                                                          =
                                                                                                                          "public"."Category"."id"
                                                                                                                          WHERE
                                                                                                                          (1=1
                                                                                                                          AND
                                                                                                                          "t0"."B"
                                                                                                                          IN
                                                                                                                          [$1,*])
                                                                                                                          OFFSET
                                                                                                                          $2»
                                                                                                                         params [var(@parent$id as Int),
                                                                                                                                 const(BigInt(0))]
                                                                                                                         fields {
                                                                                                                             id: 0
                                                                                                                             name: 1
                                                                                                                         })])])
         enums {
             Role: {
                 admin: ADMIN
                 user: USER
             }
         }
