---
source: query-compiler/query-compiler/tests/queries.rs
expression: pretty
input_file: query-compiler/query-compiler/tests/data/aggregate.json
---
dataMap {
    _count (inlined): {
        id: Int (_count$id)
        email: Int (_count$email)
        role: Int (_count$role)
        _all: Int (_count$_all)
    }
}
unique (query «SELECT COUNT("id") AS "_count$id", COUNT("email") AS
               "_count$email", COUNT("role") AS "_count$role", COUNT(*) AS
               "_count$_all" FROM (SELECT "public"."User"."id",
               "public"."User"."email", "public"."User"."role" FROM
               "public"."User" WHERE "public"."User"."email"::text LIKE $1
               OFFSET $2) AS "sub"»
        params [const(String("%prisma.io%")), const(BigInt(0))])
