---
source: query-compiler/query-compiler/tests/queries.rs
expression: pretty
input_file: query-compiler/query-compiler/tests/data/geometry-orderby-distance-asc.json
snapshot_kind: text
---
dataMap {
    id: Int (id)
    position: Geometry(point)? (position)
}
query «SELECT "t0"."id", "t0"."position" FROM "public"."Location" AS "t0" ORDER
       BY ST_Distance(geography("t0"."position"),
       geography(ST_SetSRID(ST_MakePoint($1, $2), $3))) ASC»
params [const(Float(BigDecimal("2.35"))), const(Float(BigDecimal("48.85"))),
        const(BigInt(4326))]
