---
source: query-compiler/query-compiler/tests/queries.rs
expression: pretty
input_file: query-compiler/query-compiler/tests/data/geometry-orderby-distance-asc.json
snapshot_kind: text
---
dataMap {
    id: Int (id)
    position: Geometry(point)? (position)
}
query «SELECT "t0"."id", "t0"."position" FROM "public"."Location" AS "t0" ORDER
       BY ST_Distance(CAST("position" AS geography),
       CAST(ST_SetSRID(ST_MakePoint(2.35, 48.85), 4326) AS geography)) ASC»
params []
