---
source: query-compiler/query-compiler/tests/queries.rs
expression: pretty
input_file: query-compiler/query-compiler/tests/data/geometry-filter-custom-srid.json
snapshot_kind: text
---
dataMap {
    id: Int (id)
    position: Geometry(point)? (position)
}
query «SELECT "t0"."id", "t0"."position" FROM "public"."Location" AS "t0" WHERE
       ST_DWithin("position", ST_SetSRID(ST_MakePoint(1000000, 6000000), 3857),
       5000)»
params []
