---
source: query-compiler/query-compiler/tests/queries.rs
expression: pretty
input_file: query-compiler/query-compiler/tests/data/update-connect-child-one2m.json
---
transaction
   dataMap {
       id: Int (id)
       managerId: Int (managerId)
   }
   let 0 = unique (query «SELECT "public"."Employee"."id",
                          "public"."Employee"."managerId" FROM
                          "public"."Employee" WHERE ("public"."Employee"."id" =
                          $1 AND 1=1) LIMIT $2 OFFSET $3»
                   params [const(BigInt(1)), const(BigInt(1)),
                           const(BigInt(0))])
   in let 0 = unique (validate (get 0)
          [ rowCountNeq 0
          ] orRaise "MISSING_RELATED_RECORD");
          0$id = mapField id (get 0)
      in let 1 = sum (execute «UPDATE "public"."Employee" SET "managerId" = $1
                               WHERE (("public"."Employee"."id" = $2 AND 1=1) OR
                               ("public"."Employee"."id" = $3 AND 1=1))»
                      params [var(0$id as Int), const(BigInt(2)),
                              const(BigInt(3))])
         in validate (get 1)
            [ affectedRowCountEq 2
            ] orRaise "INCOMPLETE_CONNECT_OUTPUT";
            ();
      let 3 = let 0 = unique (validate (get 0)
                  [ rowCountNeq 0
                  ] orRaise "MISSING_RECORD");
                  0$id = mapField id (get 0)
          in let 3 = unique (query «SELECT "public"."Employee"."id",
                                    "public"."Employee"."managerId" FROM
                                    "public"."Employee" WHERE
                                    "public"."Employee"."id" = $1 LIMIT $2
                                    OFFSET $3»
                             params [var(0$id as Int), const(BigInt(1)),
                                     const(BigInt(0))])
             in get 3
      in get 3
