---
source: query-compiler/query-compiler/tests/queries.rs
expression: pretty
input_file: query-compiler/query-compiler/tests/data/geometry-orderby-with-limit.json
snapshot_kind: text
---
dataMap {
    id: Int (id)
    position: Geometry(point)? (position)
}
query «SELECT "t0"."id", "t0"."position" FROM "public"."Location" AS "t0" ORDER
       BY ST_Distance(geography("t0"."position"),
       geography(ST_SetSRID(ST_MakePoint($1, $2), $3))) ASC LIMIT $4»
params [const(Float(BigDecimal("0"))), const(Float(BigDecimal("0"))),
        const(BigInt(4326)), const(BigInt(5))]
