---
source: query-compiler/query-compiler/tests/queries.rs
expression: pretty
input_file: query-compiler/query-compiler/tests/data/geometry-delete-with-filter.json
snapshot_kind: text
---
dataMap affectedRows
execute «DELETE FROM "public"."Location" WHERE ST_DWithin("position"::geography,
         ST_SetSRID(ST_MakePoint(0, 0), 4326)::geography, 1000)»
params []
